Fetching materials for 강남사업소 / ITS...
Test failed: Table 'koinfra_mat.강남사업소_its_product' doesn't exist
Fetching materials for 강남사업소 / ITS...
Test failed: Table 'koinfra_mat.강남사업소_its_output' doesn't exist
Fetching materials for 강남사업소 / ITS...
Total materials found: 6
Fetching materials for GN / ITS...
Total materials found: 6
